Collecting duckdb
  Downloading duckdb-1.5.5-cp312-cp312-win_amd64.whl.metadata (4.2 kB)
Collecting pandas
  Downloading pandas-3.0.5-cp312-cp312-win_amd64.whl.metadata (19 kB)
Collecting pyarrow
  Downloading pyarrow-25.0.0-cp312-cp312-win_amd64.whl.metadata (3.0 kB)
Collecting pdfplumber
  Downloading pdfplumber-0.11.10-py3-none-any.whl.metadata (43 kB)
Collecting python-docx
  Downloading python_docx-1.2.0-py3-none-any.whl.metadata (2.0 kB)
Collecting python-pptx
  Downloading python_pptx-1.0.2-py3-none-any.whl.metadata (2.5 kB)
Collecting lancedb
  Downloading lancedb-0.36.0-cp39-abi3-win_amd64.whl.metadata (6.5 kB)
Collecting sentence-transformers
  Downloading sentence_transformers-5.7.0-py3-none-any.whl.metadata (18 kB)
Collecting pyogrio
  Downloading pyogrio-0.13.0-cp311-abi3-win_amd64.whl.metadata (6.0 kB)
Collecting geopandas
  Downloading geopandas-1.1.4-py3-none-any.whl.metadata (2.3 kB)
Collecting shapely
  Using cached shapely-2.1.2-cp312-cp312-win_amd64.whl.metadata (7.1 kB)
Collecting rank_bm25
  Downloading rank_bm25-0.2.2-py3-none-any.whl.metadata (3.2 kB)
Collecting numpy>=1.26.0 (from pandas)
  Downloading numpy-2.5.1-cp312-cp312-win_amd64.whl.metadata (6.6 kB)
Requirement already satisfied: python-dateutil>=2.8.2 in c:\users\esmae\appdata\roaming\python\python312\site-packages (from pandas) (2.9.0.post0)
Collecting tzdata (from pandas)
  Downloading tzdata-2026.3-py2.py3-none-any.whl.metadata (1.4 kB)
Collecting pdfminer.six==20260107 (from pdfplumber)
  Downloading pdfminer_six-20260107-py3-none-any.whl.metadata (4.3 kB)
Collecting Pillow>=12.2.0 (from pdfplumber)
  Downloading pillow-12.3.0-cp312-cp312-win_amd64.whl.metadata (9.3 kB)
Collecting pypdfium2>=5.9.0 (from pdfplumber)
  Downloading pypdfium2-5.12.1-py3-none-win_amd64.whl.metadata (70 kB)
Collecting charset-normalizer>=2.0.0 (from pdfminer.six==20260107->pdfplumber)
  Downloading charset_normalizer-3.4.9-cp312-cp312-win_amd64.whl.metadata (42 kB)
Collecting cryptography>=36.0.0 (from pdfminer.six==20260107->pdfplumber)
  Downloading cryptography-50.0.0-cp311-abi3-win_amd64.whl.metadata (4.3 kB)
Collecting lxml>=3.1.0 (from python-docx)
  Downloading lxml-6.1.1-cp312-cp312-win_amd64.whl.metadata (3.6 kB)
Collecting typing_extensions>=4.9.0 (from python-docx)
  Downloading typing_extensions-4.16.0-py3-none-any.whl.metadata (3.3 kB)
Collecting XlsxWriter>=0.5.7 (from python-pptx)
  Using cached xlsxwriter-3.2.9-py3-none-any.whl.metadata (2.7 kB)
Collecting deprecation>=2.1.0 (from lancedb)
  Downloading deprecation-2.1.0-py2.py3-none-any.whl.metadata (4.6 kB)
Requirement already satisfied: packaging>=23.0 in c:\users\esmae\appdata\roaming\python\python312\site-packages (from lancedb) (25.0)
Collecting pydantic>=1.10 (from lancedb)
  Downloading pydantic-2.13.4-py3-none-any.whl.metadata (109 kB)
Collecting tqdm>=4.27.0 (from lancedb)
  Downloading tqdm-4.70.0-py3-none-any.whl.metadata (57 kB)
Collecting lance-namespace>=0.3.2 (from lancedb)
  Downloading lance_namespace-0.9.0-py3-none-any.whl.metadata (1.6 kB)
Collecting transformers<6.0.0,>=4.41.0 (from sentence-transformers)
  Downloading transformers-5.14.1-py3-none-any.whl.metadata (32 kB)
Collecting tokenizers>=0.19 (from sentence-transformers)
  Downloading tokenizers-0.23.1-cp310-abi3-win_amd64.whl.metadata (10 kB)
Collecting huggingface-hub>=0.23.0 (from sentence-transformers)
  Downloading huggingface_hub-1.27.0-py3-none-any.whl.metadata (16 kB)
Collecting torch>=1.11.0 (from sentence-transformers)
  Downloading torch-2.13.0-cp312-cp312-win_amd64.whl.metadata (39 kB)
Collecting scikit-learn>=0.22.0 (from sentence-transformers)
  Downloading scikit_learn-1.9.0-cp312-cp312-win_amd64.whl.metadata (11 kB)
Collecting scipy>=1.0.0 (from sentence-transformers)
  Downloading scipy-1.18.0-cp312-cp312-win_amd64.whl.metadata (61 kB)
Collecting certifi (from pyogrio)
  Downloading certifi-2026.7.22-py3-none-any.whl.metadata (2.5 kB)
Collecting pyproj>=3.5.0 (from geopandas)
  Using cached pyproj-3.7.2-cp312-cp312-win_amd64.whl.metadata (31 kB)
Collecting click<9.0.0,>=8.4.2 (from huggingface-hub>=0.23.0->sentence-transformers)
  Downloading click-8.4.2-py3-none-any.whl.metadata (2.6 kB)
Collecting filelock>=3.10.0 (from huggingface-hub>=0.23.0->sentence-transformers)
  Downloading filelock-3.32.2-py3-none-any.whl.metadata (2.0 kB)
Collecting fsspec>=2023.5.0 (from huggingface-hub>=0.23.0->sentence-transformers)
  Downloading fsspec-2026.7.0-py3-none-any.whl.metadata (10 kB)
Collecting hf-xet<2.0.0,>=1.5.2 (from huggingface-hub>=0.23.0->sentence-transformers)
  Downloading hf_xet-1.6.0-cp38-abi3-win_amd64.whl.metadata (4.9 kB)
Collecting httpx<1,>=0.23.0 (from huggingface-hub>=0.23.0->sentence-transformers)
  Using cached httpx-0.28.1-py3-none-any.whl.metadata (7.1 kB)
Collecting pyyaml>=5.1 (from huggingface-hub>=0.23.0->sentence-transformers)
  Downloading pyyaml-6.0.3-cp312-cp312-win_amd64.whl.metadata (2.4 kB)
Collecting lance-namespace-urllib3-client==0.9.0 (from lance-namespace>=0.3.2->lancedb)
  Downloading lance_namespace_urllib3_client-0.9.0-py3-none-any.whl.metadata (31 kB)
Collecting urllib3<3.0.0,>=1.25.3 (from lance-namespace-urllib3-client==0.9.0->lance-namespace>=0.3.2->lancedb)
  Downloading urllib3-2.7.0-py3-none-any.whl.metadata (6.9 kB)
Collecting annotated-types>=0.6.0 (from pydantic>=1.10->lancedb)
  Downloading annotated_types-0.8.0-py3-none-any.whl.metadata (15 kB)
Collecting pydantic-core==2.46.4 (from pydantic>=1.10->lancedb)
  Downloading pydantic_core-2.46.4-cp312-cp312-win_amd64.whl.metadata (6.7 kB)
Collecting typing-inspection>=0.4.2 (from pydantic>=1.10->lancedb)
  Downloading typing_inspection-0.4.2-py3-none-any.whl.metadata (2.6 kB)
Requirement already satisfied: six>=1.5 in c:\users\esmae\appdata\roaming\python\python312\site-packages (from python-dateutil>=2.8.2->pandas) (1.17.0)
Collecting joblib>=1.4.0 (from scikit-learn>=0.22.0->sentence-transformers)
  Downloading joblib-1.5.3-py3-none-any.whl.metadata (5.5 kB)
Collecting narwhals>=2.0.1 (from scikit-learn>=0.22.0->sentence-transformers)
  Downloading narwhals-2.24.0-py3-none-any.whl.metadata (15 kB)
Collecting threadpoolctl>=3.5.0 (from scikit-learn>=0.22.0->sentence-transformers)
  Downloading threadpoolctl-3.6.0-py3-none-any.whl.metadata (13 kB)
Collecting setuptools>=77.0.3 (from torch>=1.11.0->sentence-transformers)
  Downloading setuptools-84.0.0-py3-none-any.whl.metadata (6.6 kB)
Collecting sympy>=1.13.3 (from torch>=1.11.0->sentence-transformers)
  Downloading sympy-1.14.0-py3-none-any.whl.metadata (12 kB)
Collecting networkx>=2.5.1 (from torch>=1.11.0->sentence-transformers)
  Downloading networkx-3.6.1-py3-none-any.whl.metadata (6.8 kB)
Collecting jinja2 (from torch>=1.11.0->sentence-transformers)
  Downloading jinja2-3.1.6-py3-none-any.whl.metadata (2.9 kB)
Requirement already satisfied: colorama in c:\users\esmae\appdata\roaming\python\python312\site-packages (from tqdm>=4.27.0->lancedb) (0.4.6)
Collecting regex>=2025.10.22 (from transformers<6.0.0,>=4.41.0->sentence-transformers)
  Downloading regex-2026.7.19-cp312-cp312-win_amd64.whl.metadata (41 kB)
Collecting tokenizers>=0.19 (from sentence-transformers)
  Downloading tokenizers-0.22.2-cp39-abi3-win_amd64.whl.metadata (7.4 kB)
Collecting typer (from transformers<6.0.0,>=4.41.0->sentence-transformers)
  Downloading typer-0.27.1-py3-none-any.whl.metadata (16 kB)
Collecting safetensors>=0.8.0 (from transformers<6.0.0,>=4.41.0->sentence-transformers)
  Downloading safetensors-0.8.0-cp310-abi3-win_amd64.whl.metadata (4.2 kB)
Collecting cffi>=2.0.0 (from cryptography>=36.0.0->pdfminer.six==20260107->pdfplumber)
  Downloading cffi-2.1.1-cp312-cp312-win_amd64.whl.metadata (2.6 kB)
Collecting anyio (from httpx<1,>=0.23.0->huggingface-hub>=0.23.0->sentence-transformers)
  Downloading anyio-4.14.2-py3-none-any.whl.metadata (4.6 kB)
Collecting httpcore==1.* (from httpx<1,>=0.23.0->huggingface-hub>=0.23.0->sentence-transformers)
  Downloading httpcore-1.0.9-py3-none-any.whl.metadata (21 kB)
Collecting idna (from httpx<1,>=0.23.0->huggingface-hub>=0.23.0->sentence-transformers)
  Downloading idna-3.18-py3-none-any.whl.metadata (6.1 kB)
Collecting h11>=0.16 (from httpcore==1.*->httpx<1,>=0.23.0->huggingface-hub>=0.23.0->sentence-transformers)
  Downloading h11-0.16.0-py3-none-any.whl.metadata (8.3 kB)
Collecting mpmath<1.4,>=1.1.0 (from sympy>=1.13.3->torch>=1.11.0->sentence-transformers)
  Downloading mpmath-1.3.0-py3-none-any.whl.metadata (8.6 kB)
Collecting MarkupSafe>=2.0 (from jinja2->torch>=1.11.0->sentence-transformers)
  Downloading markupsafe-3.0.3-cp312-cp312-win_amd64.whl.metadata (2.8 kB)
Collecting shellingham>=1.3.0 (from typer->transformers<6.0.0,>=4.41.0->sentence-transformers)
  Downloading shellingham-1.5.4-py2.py3-none-any.whl.metadata (3.5 kB)
Collecting rich>=13.8.0 (from typer->transformers<6.0.0,>=4.41.0->sentence-transformers)
  Downloading rich-15.0.0-py3-none-any.whl.metadata (18 kB)
Collecting annotated-doc>=0.0.2 (from typer->transformers<6.0.0,>=4.41.0->sentence-transformers)
  Downloading annotated_doc-0.0.5-py3-none-any.whl.metadata (6.5 kB)
Collecting pycparser (from cffi>=2.0.0->cryptography>=36.0.0->pdfminer.six==20260107->pdfplumber)
  Downloading pycparser-3.0-py3-none-any.whl.metadata (8.2 kB)
Collecting markdown-it-py>=2.2.0 (from rich>=13.8.0->typer->transformers<6.0.0,>=4.41.0->sentence-transformers)
  Downloading markdown_it_py-4.2.0-py3-none-any.whl.metadata (7.4 kB)
Requirement already satisfied: pygments<3.0.0,>=2.13.0 in c:\users\esmae\appdata\roaming\python\python312\site-packages (from rich>=13.8.0->typer->transformers<6.0.0,>=4.41.0->sentence-transformers) (2.19.2)
Collecting mdurl~=0.1 (from markdown-it-py>=2.2.0->rich>=13.8.0->typer->transformers<6.0.0,>=4.41.0->sentence-transformers)
  Downloading mdurl-0.1.2-py3-none-any.whl.metadata (1.6 kB)
Downloading duckdb-1.5.5-cp312-cp312-win_amd64.whl (13.2 MB)
   ---------------------------------------- 13.2/13.2 MB 4.7 MB/s eta 0:00:00
Downloading pandas-3.0.5-cp312-cp312-win_amd64.whl (9.8 MB)
   ---------------------------------------- 9.8/9.8 MB 5.3 MB/s eta 0:00:00
Downloading pyarrow-25.0.0-cp312-cp312-win_amd64.whl (27.9 MB)
   ---------------------------------------- 27.9/27.9 MB 5.1 MB/s eta 0:00:00
Downloading pdfplumber-0.11.10-py3-none-any.whl (60 kB)
Downloading pdfminer_six-20260107-py3-none-any.whl (6.6 MB)
   ---------------------------------------- 6.6/6.6 MB 5.0 MB/s eta 0:00:00
Downloading python_docx-1.2.0-py3-none-any.whl (252 kB)
Downloading python_pptx-1.0.2-py3-none-any.whl (472 kB)
Downloading lancedb-0.36.0-cp39-abi3-win_amd64.whl (69.4 MB)
   ---------------------------------------- 69.4/69.4 MB 4.8 MB/s eta 0:00:00
Downloading sentence_transformers-5.7.0-py3-none-any.whl (611 kB)
   ---------------------------------------- 611.3/611.3 kB 3.7 MB/s eta 0:00:00
Downloading pyogrio-0.13.0-cp311-abi3-win_amd64.whl (23.8 MB)
   ---------------------------------------- 23.8/23.8 MB 5.0 MB/s eta 0:00:00
Downloading geopandas-1.1.4-py3-none-any.whl (343 kB)
Using cached shapely-2.1.2-cp312-cp312-win_amd64.whl (1.7 MB)
Downloading rank_bm25-0.2.2-py3-none-any.whl (8.6 kB)
Downloading deprecation-2.1.0-py2.py3-none-any.whl (11 kB)
Downloading huggingface_hub-1.27.0-py3-none-any.whl (784 kB)
   ---------------------------------------- 784.9/784.9 kB 3.7 MB/s eta 0:00:00
Downloading lance_namespace-0.9.0-py3-none-any.whl (13 kB)
Downloading lance_namespace_urllib3_client-0.9.0-py3-none-any.whl (405 kB)
Downloading lxml-6.1.1-cp312-cp312-win_amd64.whl (4.0 MB)
   ---------------------------------------- 4.0/4.0 MB 4.9 MB/s eta 0:00:00
Downloading numpy-2.5.1-cp312-cp312-win_amd64.whl (12.4 MB)
   ---------------------------------------- 12.4/12.4 MB 4.2 MB/s eta 0:00:00
Downloading pillow-12.3.0-cp312-cp312-win_amd64.whl (7.2 MB)
   ---------------------------------------- 7.2/7.2 MB 5.6 MB/s eta 0:00:00
Downloading pydantic-2.13.4-py3-none-any.whl (472 kB)
Downloading pydantic_core-2.46.4-cp312-cp312-win_amd64.whl (2.1 MB)
   ---------------------------------------- 2.1/2.1 MB 6.1 MB/s eta 0:00:00
Downloading pypdfium2-5.12.1-py3-none-win_amd64.whl (3.9 MB)
   ---------------------------------------- 3.9/3.9 MB 5.5 MB/s eta 0:00:00
Using cached pyproj-3.7.2-cp312-cp312-win_amd64.whl (6.3 MB)
Downloading scikit_learn-1.9.0-cp312-cp312-win_amd64.whl (8.2 MB)
   ---------------------------------------- 8.2/8.2 MB 5.4 MB/s eta 0:00:00
Downloading scipy-1.18.0-cp312-cp312-win_amd64.whl (36.6 MB)
   ---------------------------------------- 36.6/36.6 MB 5.1 MB/s eta 0:00:00
Downloading torch-2.13.0-cp312-cp312-win_amd64.whl (122.1 MB)
   ---------------------------------------- 122.1/122.1 MB 5.0 MB/s eta 0:00:00
Downloading tqdm-4.70.0-py3-none-any.whl (80 kB)
Downloading transformers-5.14.1-py3-none-any.whl (11.6 MB)
   ---------------------------------------- 11.6/11.6 MB 4.5 MB/s eta 0:00:00
Downloading tokenizers-0.22.2-cp39-abi3-win_amd64.whl (2.7 MB)
   ---------------------------------------- 2.7/2.7 MB 4.3 MB/s eta 0:00:00
Downloading typing_extensions-4.16.0-py3-none-any.whl (45 kB)
Using cached xlsxwriter-3.2.9-py3-none-any.whl (175 kB)
Downloading certifi-2026.7.22-py3-none-any.whl (136 kB)
Downloading tzdata-2026.3-py2.py3-none-any.whl (348 kB)
Downloading annotated_types-0.8.0-py3-none-any.whl (13 kB)
Downloading charset_normalizer-3.4.9-cp312-cp312-win_amd64.whl (162 kB)
Downloading click-8.4.2-py3-none-any.whl (119 kB)
Downloading cryptography-50.0.0-cp311-abi3-win_amd64.whl (3.8 MB)
   ---------------------------------------- 3.8/3.8 MB 5.1 MB/s eta 0:00:00
Downloading filelock-3.32.2-py3-none-any.whl (98 kB)
Downloading fsspec-2026.7.0-py3-none-any.whl (206 kB)
Downloading hf_xet-1.6.0-cp38-abi3-win_amd64.whl (4.0 MB)
   ---------------------------------------- 4.0/4.0 MB 4.8 MB/s eta 0:00:00
Using cached httpx-0.28.1-py3-none-any.whl (73 kB)
Downloading httpcore-1.0.9-py3-none-any.whl (78 kB)
Downloading joblib-1.5.3-py3-none-any.whl (309 kB)
Downloading narwhals-2.24.0-py3-none-any.whl (461 kB)
Downloading networkx-3.6.1-py3-none-any.whl (2.1 MB)
   ---------------------------------------- 2.1/2.1 MB 4.8 MB/s eta 0:00:00
Downloading pyyaml-6.0.3-cp312-cp312-win_amd64.whl (154 kB)
Downloading regex-2026.7.19-cp312-cp312-win_amd64.whl (277 kB)
Downloading safetensors-0.8.0-cp310-abi3-win_amd64.whl (355 kB)
Downloading setuptools-84.0.0-py3-none-any.whl (818 kB)
   ---------------------------------------- 818.2/818.2 kB 5.9 MB/s eta 0:00:00
Downloading sympy-1.14.0-py3-none-any.whl (6.3 MB)
   ---------------------------------------- 6.3/6.3 MB 4.8 MB/s eta 0:00:00
Downloading threadpoolctl-3.6.0-py3-none-any.whl (18 kB)
Downloading typing_inspection-0.4.2-py3-none-any.whl (14 kB)
Downloading jinja2-3.1.6-py3-none-any.whl (134 kB)
Downloading typer-0.27.1-py3-none-any.whl (122 kB)
Downloading annotated_doc-0.0.5-py3-none-any.whl (5.3 kB)
Downloading cffi-2.1.1-cp312-cp312-win_amd64.whl (185 kB)
Downloading markupsafe-3.0.3-cp312-cp312-win_amd64.whl (15 kB)
Downloading mpmath-1.3.0-py3-none-any.whl (536 kB)
   ---------------------------------------- 536.2/536.2 kB 4.4 MB/s eta 0:00:00
Downloading rich-15.0.0-py3-none-any.whl (310 kB)
Downloading shellingham-1.5.4-py2.py3-none-any.whl (9.8 kB)
Downloading urllib3-2.7.0-py3-none-any.whl (131 kB)
Downloading anyio-4.14.2-py3-none-any.whl (125 kB)
Downloading idna-3.18-py3-none-any.whl (65 kB)
Downloading h11-0.16.0-py3-none-any.whl (37 kB)
Downloading markdown_it_py-4.2.0-py3-none-any.whl (91 kB)
Downloading pycparser-3.0-py3-none-any.whl (48 kB)
Downloading mdurl-0.1.2-py3-none-any.whl (10.0 kB)
Installing collected packages: mpmath, XlsxWriter, urllib3, tzdata, typing_extensions, tqdm, threadpoolctl, sympy, shellingham, setuptools, safetensors, regex, pyyaml, pypdfium2, pycparser, pyarrow, Pillow, numpy, networkx, narwhals, mdurl, MarkupSafe, lxml, joblib, idna, hf-xet, h11, fsspec, filelock, duckdb, deprecation, click, charset-normalizer, certifi, annotated-types, annotated-doc, typing-inspection, shapely, scipy, rank_bm25, python-pptx, python-docx, pyproj, pyogrio, pydantic-core, pandas, markdown-it-py, jinja2, httpcore, cffi, anyio, torch, scikit-learn, rich, pydantic, httpx, geopandas, cryptography, typer, pdfminer.six, lance-namespace-urllib3-client, huggingface-hub, tokenizers, pdfplumber, lance-namespace, transformers, lancedb, sentence-transformers
Successfully installed MarkupSafe-3.0.3 Pillow-12.3.0 XlsxWriter-3.2.9 annotated-doc-0.0.5 annotated-types-0.8.0 anyio-4.14.2 certifi-2026.7.22 cffi-2.1.1 charset-normalizer-3.4.9 click-8.4.2 cryptography-50.0.0 deprecation-2.1.0 duckdb-1.5.5 filelock-3.32.2 fsspec-2026.7.0 geopandas-1.1.4 h11-0.16.0 hf-xet-1.6.0 httpcore-1.0.9 httpx-0.28.1 huggingface-hub-1.27.0 idna-3.18 jinja2-3.1.6 joblib-1.5.3 lance-namespace-0.9.0 lance-namespace-urllib3-client-0.9.0 lancedb-0.36.0 lxml-6.1.1 markdown-it-py-4.2.0 mdurl-0.1.2 mpmath-1.3.0 narwhals-2.24.0 networkx-3.6.1 numpy-2.5.1 pandas-3.0.5 pdfminer.six-20260107 pdfplumber-0.11.10 pyarrow-25.0.0 pycparser-3.0 pydantic-2.13.4 pydantic-core-2.46.4 pyogrio-0.13.0 pypdfium2-5.12.1 pyproj-3.7.2 python-docx-1.2.0 python-pptx-1.0.2 pyyaml-6.0.3 rank_bm25-0.2.2 regex-2026.7.19 rich-15.0.0 safetensors-0.8.0 scikit-learn-1.9.0 scipy-1.18.0 sentence-transformers-5.7.0 setuptools-84.0.0 shapely-2.1.2 shellingham-1.5.4 sympy-1.14.0 threadpoolctl-3.6.0 tokenizers-0.22.2 torch-2.13.0 tqdm-4.70.0 transformers-5.14.1 typer-0.27.1 typing-inspection-0.4.2 typing_extensions-4.16.0 tzdata-2026.3 urllib3-2.7.0
